#,,,,,,,,,,,,,,,,,,"generated_by='OpenQuake engine 3.10.0-gitf111a53357', start_date='2020-05-20T11:53:02', checksum=621356768, investigation_time=1.0, risk_investigation_time=None"
asset_id,taxonomy,lon,lat,contents~no_damage,contents~ds1,contents~ds2,contents~ds3,contents~ds4,nonstructural~no_damage,nonstructural~ds1,nonstructural~ds2,nonstructural~ds3,nonstructural~ds4,structural~no_damage,structural~ds1,structural~ds2,structural~ds3,structural~ds4
a3,"tax1",-122.57000,38.11300,9.992162E-01,4.511872E-04,2.118682E-04,1.044788E-04,1.623955E-05,9.991991E-01,7.334562E-04,6.742249E-05,6.752652E-09,0.000000E+00,1.000000E+00,-1.122197E-10,-3.720007E-09,-3.934323E-08,4.318352E-08
a2,"tax2",-122.11400,38.11300,9.935524E-01,3.843182E-03,1.899821E-03,5.310587E-04,1.735578E-04,9.888512E-01,6.500258E-03,2.564108E-03,1.227661E-03,8.567129E-04,9.909018E-01,5.539851E-03,2.610966E-03,7.096806E-04,2.376842E-04
a5,"tax1",-122.00000,37.91000,9.871711E-01,5.716655E-03,3.696947E-03,2.540058E-03,8.752115E-04,9.872808E-01,9.728989E-03,2.919786E-03,7.043148E-05,7.509421E-09,9.996994E-01,2.540776E-04,5.871041E-06,-1.858052E-05,5.920054E-05
a4,"tax3",-122.00000,38.00000,9.938172E-01,2.393158E-03,2.856726E-03,6.548614E-04,2.781085E-04,9.932118E-01,7.808343E-04,3.986607E-03,1.117791E-03,9.029479E-04,9.945959E-01,2.054630E-03,2.474127E-03,6.017484E-04,2.735862E-04
a1,"tax1",-122.00000,38.11300,6.307668E-01,1.327165E-01,1.081556E-01,8.928970E-02,3.907133E-02,6.347210E-01,2.452032E-01,1.141373E-01,5.896480E-03,4.201447E-05,9.767287E-01,1.826469E-02,1.335913E-03,-6.606276E-04,4.331338E-03
a6,"tax2",-122.00000,38.22500,9.924563E-01,3.373113E-03,2.500352E-03,1.076556E-03,5.936721E-04,9.908872E-01,3.983919E-03,2.347906E-03,1.377514E-03,1.403506E-03,9.919211E-01,3.661576E-03,2.627310E-03,1.145728E-03,6.442548E-04
a7,"tax1",-121.88600,38.11300,9.358991E-01,3.204075E-02,1.809468E-02,1.095227E-02,3.013235E-03,9.355490E-01,5.374740E-02,1.048875E-02,2.148031E-04,3.046463E-08,9.990643E-01,7.839014E-04,2.662243E-05,-4.909442E-05,1.743066E-04
