#,,,,,,,,"generated_by='OpenQuake engine 3.22.0-giteb247f4214', start_date='2024-11-06T07:06:29', checksum=3613274803, investigation_time=1.0, risk_investigation_time=1.0"
asset_id,taxonomy,lon,lat,no_damage,ds1,ds2,ds3,ds4
a3,tax1,-122.57000,38.11300,9.999185E-01,6.654534E-05,-1.552706E-05,-3.246546E-05,6.291780E-05
a2,tax2,-122.11400,38.11300,9.913725E-01,4.314169E-03,2.767563E-03,1.035724E-03,5.100318E-04
a5,tax1,-122.00000,37.91000,9.980654E-01,1.443410E-03,8.648081E-05,-1.282443E-04,5.330274E-04
a4,tax3,-122.00000,38.00000,9.918992E-01,3.036004E-03,3.650695E-03,9.524576E-04,4.616508E-04
a1,tax1,-122.00000,38.11300,9.892871E-01,7.438704E-03,1.109936E-03,4.034818E-05,2.123945E-03
a6,tax2,-122.00000,38.22500,9.894166E-01,4.795585E-03,3.483672E-03,1.484894E-03,8.192425E-04
a7,tax1,-121.88600,38.11300,9.967008E-01,2.363213E-03,2.218586E-04,-1.429185E-04,8.570447E-04
