#,,,,"generated_by='OpenQuake engine 3.12.0-git9e2d8f2fb3', start_date='2021-03-01T01:56:13', checksum=676183264, investigation_time=50.0, risk_investigation_time=50.0"
event_id,structural,rlz_id,rup_id,year
0,3.02665E+02,0,0,39
1,3.43640E+02,0,0,29
2,2.55442E+02,0,0,15
3,8.88303E+01,0,1,43
