#,,,,,,"generated_by='OpenQuake engine 3.18.0-git994900aaa0', start_date='2023-09-24T19:10:05', checksum=3596860000, kind='rlz-005', investigation_time=1.0, imt='PGA'"
lon,lat,depth,poe-0.0100000,poe-0.1000000,poe-0.3000000,poe-1.0000000
-64.91005,0.00000,0.00000,4.877058E-02,2.853186E-02,7.290353E-03,6.145298E-05
