#,,,,,,,,"generated_by='OpenQuake engine 3.13.0-git0ce1c56853', start_date='2021-11-09T15:45:39', checksum=3172484047"
asset_id,taxonomy,lon,lat,structural~no_damage,structural~Slight,structural~Moderate,structural~Extensive,structural~Collapse
ant_13_S1,MUR/LWAL/HEX:1,-75.07679,6.90913,2.129000E+03,0.000000E+00,0.000000E+00,0.000000E+00,0.000000E+00
ant_13_S2,MUR/LWAL/HEX:2,-75.07679,6.90913,4.600000E+02,0.000000E+00,0.000000E+00,0.000000E+00,0.000000E+00
ant_13_S3,MUR/LWAL/HEX:3,-75.07679,6.90913,7.700000E+01,0.000000E+00,0.000000E+00,0.000000E+00,0.000000E+00
ant_13_S4,MUR/LWAL/HEX:4,-75.07679,6.90913,1.499704E+01,2.884492E-03,0.000000E+00,7.169577E-05,0.000000E+00
ant_13_S5,MUR/LWAL/HEX:5,-75.07679,6.90913,9.998248E-01,0.000000E+00,1.491912E-04,2.599652E-05,6.166915E-09
