#,,,,,,,,"generated_by='OpenQuake engine 3.18.0-gitfd27ab835e', start_date='2023-09-24T08:14:30', checksum=2540150451, investigation_time=50.0, risk_investigation_time=100.0"
asset_id,taxonomy,lon,lat,structural~no_damage,structural~slight,structural~moderate,structural~extreme,structural~complete
a3,Wood,-122.57000,38.11300,9.567371E-01,1.498815E-02,1.511019E-02,7.614827E-03,5.549719E-03
a2,Wood,-122.11400,38.11300,1.605891E-01,1.043365E-01,2.013428E-01,1.898541E-01,3.438774E-01
a5,Wood,-122.00000,37.91000,2.629663E-01,1.193493E-01,1.976090E-01,1.627889E-01,2.572865E-01
a4,Wood,-122.00000,38.00000,9.943464E-02,6.140405E-02,1.332241E-01,1.550857E-01,5.508516E-01
a1,Wood,-122.00000,38.11300,6.523775E-02,4.388198E-02,1.055014E-01,1.395053E-01,6.458735E-01
a7,Wood,-121.88600,38.11300,1.605891E-01,1.043365E-01,2.013428E-01,1.898541E-01,3.438774E-01
