#,,,,,"generated_by='OpenQuake engine 3.17.0-git1804c540d0', start_date='2023-04-21T06:45:43', checksum=1228038682, kind='mean', investigation_time=1.0, imt='PGA'"
lon,lat,depth,poe-0.1000000,poe-0.4000000,poe-0.6000000
0.00000,0.00000,0.00000,5.519274E-01,2.449501E-02,0.000000E+00
