#,"generated_by='OpenQuake engine 3.17.0-git6065d55082', start_date='2023-07-10T08:56:24', checksum=1697063581"
event_id,EFFLoss
0.00000E+00,0.00000E+00
1.00000E+00,1.31255E-01
