#,,,,,,"generated_by='OpenQuake engine 3.16.0-git53782b52e0', start_date='2022-10-18T05:26:01', checksum=3396488901"
rlz_id,policy_id,claim,retention,surplus,quota_shared,wxlr
0,B,6.09532E+02,4.15000E+01,2.43813E+02,1.21906E+02,2.02313E+02
0,A,4.33648E+02,7.14803E+01,8.67297E+01,1.30095E+02,1.45344E+02
