#,,,,,,,,,,,,,,"generated_by='OpenQuake engine 3.15.0-gite40420dd8d', start_date='2022-05-13T12:42:07', checksum=2967670219, kind='mean', investigation_time=1.0, imt='SA(1.0)'"
lon,lat,depth,poe-0.0010197,poe-0.0101972,poe-0.0178450,poe-0.0305915,poe-0.0611830,poe-0.1019720,poe-0.1784500,poe-0.3059150,poe-0.6118300,poe-1.0197200,poe-1.7845000,poe-2.3963300
-123.23738,49.27479,0.00000,2.303324E-02,3.038420E-03,1.320367E-03,4.597229E-04,7.136463E-05,1.085214E-05,6.370822E-07,0.000000E+00,0.000000E+00,0.000000E+00,0.000000E+00,0.000000E+00
-123.23282,49.26162,0.00000,2.291173E-02,3.007249E-03,1.303230E-03,4.521824E-04,6.981910E-05,1.055995E-05,6.139562E-07,0.000000E+00,0.000000E+00,0.000000E+00,0.000000E+00,0.000000E+00
-123.20480,49.26786,0.00000,2.291598E-02,3.008337E-03,1.303828E-03,4.524447E-04,6.987272E-05,1.057007E-05,6.147563E-07,0.000000E+00,0.000000E+00,0.000000E+00,0.000000E+00,0.000000E+00
