#,,,,,,,,,,,,,,,,,,,,,,,,,,,,,,,,,,,,,,,,,,,,,,,"generated_by='OpenQuake engine 3.14.0-git1724389d5a', start_date='2022-02-17T10:58:48', checksum=1232397951, kind='mean', investigation_time=50.0, imt='SA(0.025)'"
lon,lat,depth,poe-0.0050000,poe-0.0057376,poe-0.0065840,poe-0.0075552,poe-0.0086698,poe-0.0099487,poe-0.0114163,poe-0.0131004,poe-0.0150330,poe-0.0172506,poe-0.0197953,poe-0.0227155,poe-0.0260664,poe-0.0299117,poe-0.0343242,poe-0.0393876,poe-0.0451980,poe-0.0518655,poe-0.0595165,poe-0.0682963,poe-0.0783711,poe-0.0899323,poe-0.1031988,poe-0.1184225,poe-0.1358919,poe-0.1559383,poe-0.1789419,poe-0.2053390,poe-0.2356300,poe-0.2703896,poe-0.3102768,poe-0.3560480,poe-0.4085713,poe-0.4688427,poe-0.5380052,poe-0.6173704,poe-0.7084434,poe-0.8129511,poe-0.9328756,poe-1.0704911,poe-1.2284072,poe-1.4096188,poe-1.6175622,poe-1.8561809,poe-2.1300000
0.00000,0.00000,0.00000,9.999945E-01,9.999942E-01,9.999938E-01,9.999930E-01,9.999918E-01,9.999898E-01,9.999864E-01,9.999803E-01,9.999690E-01,9.999474E-01,9.999042E-01,9.998149E-01,9.996272E-01,9.992304E-01,9.984001E-01,9.967060E-01,9.933790E-01,9.871551E-01,9.761533E-01,9.578788E-01,9.294654E-01,8.881701E-01,8.321209E-01,7.610029E-01,6.765381E-01,5.825752E-01,4.844167E-01,3.881211E-01,2.990656E-01,2.214941E-01,1.574405E-01,1.073200E-01,7.028054E-02,4.396549E-02,2.631964E-02,1.487415E-02,7.996704E-03,3.982129E-03,1.879534E-03,7.984688E-04,2.941375E-04,8.064307E-05,1.160655E-05,0.000000E+00,0.000000E+00
