#,,,,,,,,,,,,,,,,,"generated_by='OpenQuake engine 3.11.0-git1c9d04c361', start_date='2020-11-16T17:33:55', checksum=2436810158, kind='mean', investigation_time=50.0"
lon,lat,0.1~PGA,0.1~SA(0.025),0.1~SA(0.05),0.1~SA(0.1),0.1~SA(0.2),0.1~SA(0.5),0.1~SA(1.0),0.1~SA(2.0),0.02~PGA,0.02~SA(0.025),0.02~SA(0.05),0.02~SA(0.1),0.02~SA(0.2),0.02~SA(0.5),0.02~SA(1.0),0.02~SA(2.0)
0.00000,0.00000,3.336276E-01,3.659987E-01,4.721354E-01,7.541426E-01,7.624388E-01,4.186044E-01,2.111319E-01,9.176970E-02,5.256679E-01,5.774353E-01,7.488884E-01,1.205748E+00,1.240407E+00,7.167801E-01,3.773214E-01,1.737165E-01
