#,,,,,,,,,,,,,,,,,,,,,,,,,,,,,,,,,,,,,,,,,,,,,,,"generated_by='OpenQuake engine 3.14.0-git1724389d5a', start_date='2022-02-17T10:58:48', checksum=1232397951, kind='mean', investigation_time=50.0, imt='SA(0.2)'"
lon,lat,depth,poe-0.0050000,poe-0.0057376,poe-0.0065840,poe-0.0075552,poe-0.0086698,poe-0.0099487,poe-0.0114163,poe-0.0131004,poe-0.0150330,poe-0.0172506,poe-0.0197953,poe-0.0227155,poe-0.0260664,poe-0.0299117,poe-0.0343242,poe-0.0393876,poe-0.0451980,poe-0.0518655,poe-0.0595165,poe-0.0682963,poe-0.0783711,poe-0.0899323,poe-0.1031988,poe-0.1184225,poe-0.1358919,poe-0.1559383,poe-0.1789419,poe-0.2053390,poe-0.2356300,poe-0.2703896,poe-0.3102768,poe-0.3560480,poe-0.4085713,poe-0.4688427,poe-0.5380052,poe-0.6173704,poe-0.7084434,poe-0.8129511,poe-0.9328756,poe-1.0704911,poe-1.2284072,poe-1.4096188,poe-1.6175622,poe-1.8561809,poe-2.1300000
0.00000,0.00000,0.00000,9.999948E-01,9.999948E-01,9.999948E-01,9.999948E-01,9.999947E-01,9.999946E-01,9.999944E-01,9.999941E-01,9.999936E-01,9.999927E-01,9.999912E-01,9.999889E-01,9.999847E-01,9.999774E-01,9.999635E-01,9.999363E-01,9.998807E-01,9.997635E-01,9.995120E-01,9.989702E-01,9.978197E-01,9.954489E-01,9.907729E-01,9.820477E-01,9.667784E-01,9.418670E-01,9.041143E-01,8.510814E-01,7.820233E-01,6.985434E-01,6.045827E-01,5.058746E-01,4.086407E-01,3.185074E-01,2.395633E-01,1.739362E-01,1.218569E-01,8.250799E-02,5.392578E-02,3.391989E-02,2.051267E-02,1.187296E-02,6.595173E-03,3.486399E-03,1.733256E-03
