#,"generated_by='OpenQuake engine 3.17.0-git6065d55082', start_date='2023-07-10T08:22:13', checksum=924131480"
event_id,EFFLoss
0.00000E+00,0.00000E+00
1.00000E+00,3.82479E-01
