#,,,"generated_by='OpenQuake engine 3.11.0-gitc02393b236', start_date='2021-02-22T10:55:44', checksum=3590982611, investigation_time=None, risk_investigation_time=None"
loss_type,loss_value,exposed_value,loss_ratio
structural,2.60351E+03,1.00000E+04,2.60351E-01
