============
structural  
============
2.201359E+03
2.603506E+03
============