#,,,,,,,,,,,"generated_by='OpenQuake engine 3.12.0-gite70930aa73', start_date='2021-03-10T06:45:22', checksum=1301611540, investigation_time=1.0, risk_investigation_time=50.0"
asset_id,cresta,occupancy,state,taxonomy,lon,lat,business_interruption,contents,nonstructural,occupants,structural
a3,0.21,Com,02,tax1,-122.57000,38.11300,2.15936E+01,4.80428E+02,7.64430E+02,1.97377E-03,0.00000E+00
a2,0.12,Res,01,tax2,-122.11400,38.11300,3.44120E+01,1.87101E+02,2.90623E+02,7.36481E-04,0.00000E+00
a5,0.23,Res,02,tax1,-122.00000,37.91000,3.66504E+01,2.15310E+02,3.19796E+02,8.58148E-04,0.00000E+00
a4,0.22,Res,02,tax3,-122.00000,38.00000,5.91294E+01,2.19437E+03,4.61507E+03,1.12993E-03,1.03312E+02
a1,0.11,Res,01,tax1,-122.00000,38.11300,3.84664E+01,2.48199E+02,3.34380E+02,8.99929E-04,0.00000E+00
a6,0.31,Res,03,tax2,-122.00000,38.22500,2.24106E+01,3.53887E+02,4.76021E+02,4.81827E-04,0.00000E+00
a7,0.32,Res,03,tax1,-121.88600,38.11300,3.06630E+01,1.72873E+02,2.86061E+02,6.12953E-04,0.00000E+00
