#,,,,"generated_by='OpenQuake engine 3.18.0-gite5c5311bd8', start_date='2023-09-25T18:45:28', checksum=3727381189, investigation_time=1.0, risk_investigation_time=50.0"
event_id,loss,loss_type,rup_id,year
0,6.67784E+02,business_interruption,95,8
0,3.96726E+03,contents,95,8
0,5.59178E+03,nonstructural,95,8
0,1.29922E-02,occupants,95,8
0,2.05049E+03,structural,95,8
0,1.16095E+04,structural+nonstructural+contents,95,8
1,2.73901E+02,business_interruption,110,62
1,2.07168E+03,contents,110,62
1,3.91529E+03,nonstructural,110,62
1,5.58801E-03,occupants,110,62
1,5.80319E+02,structural,110,62
1,6.56728E+03,structural+nonstructural+contents,110,62
2,3.88825E+02,business_interruption,372,53
2,3.46772E+03,contents,372,53
2,4.16988E+03,nonstructural,372,53
2,7.68274E-03,occupants,372,53
2,1.15651E+03,structural,372,53
2,8.79411E+03,structural+nonstructural+contents,372,53
3,4.57298E+02,business_interruption,1073741895,36
3,7.28828E+03,contents,1073741895,36
3,9.36126E+03,nonstructural,1073741895,36
3,1.30376E-02,occupants,1073741895,36
3,1.89475E+03,structural,1073741895,36
3,1.85443E+04,structural+nonstructural+contents,1073741895,36
4,4.06386E+02,business_interruption,1073741901,35
4,3.41329E+03,contents,1073741901,35
4,5.19469E+03,nonstructural,1073741901,35
4,9.16957E-03,occupants,1073741901,35
4,1.25481E+03,structural,1073741901,35
4,9.86278E+03,structural+nonstructural+contents,1073741901,35
5,4.33514E+02,business_interruption,1073742195,69
5,3.66469E+03,contents,1073742195,69
5,7.82076E+03,nonstructural,1073742195,69
5,8.92342E-03,occupants,1073742195,69
5,1.32940E+03,structural,1073742195,69
5,1.28149E+04,structural+nonstructural+contents,1073742195,69
6,9.81184E+01,business_interruption,3221225472,7
6,8.59470E+02,contents,3221225472,7
6,1.46474E+03,nonstructural,3221225472,7
6,1.90551E-03,occupants,3221225472,7
6,2.32421E+03,structural+nonstructural+contents,3221225472,7
7,3.95891E+02,business_interruption,3221225472,56
7,1.26818E+03,contents,3221225472,56
7,2.04302E+03,nonstructural,3221225472,56
7,7.13307E-03,occupants,3221225472,56
7,1.09655E+03,structural,3221225472,56
7,4.40774E+03,structural+nonstructural+contents,3221225472,56
8,2.48283E+02,business_interruption,3221225472,17
8,1.85561E+03,contents,3221225472,17
8,2.72424E+03,nonstructural,3221225472,17
8,5.80003E-03,occupants,3221225472,17
8,5.93432E+02,structural,3221225472,17
8,5.17329E+03,structural+nonstructural+contents,3221225472,17
9,1.42645E+02,business_interruption,3221225472,8
9,8.29628E+02,contents,3221225472,8
9,1.42627E+03,nonstructural,3221225472,8
9,2.81508E-03,occupants,3221225472,8
9,2.25590E+03,structural+nonstructural+contents,3221225472,8
10,9.13166E+01,business_interruption,3221225472,43
10,6.71967E+02,contents,3221225472,43
10,1.02773E+03,nonstructural,3221225472,43
10,1.85673E-03,occupants,3221225472,43
10,1.69970E+03,structural+nonstructural+contents,3221225472,43
11,1.20686E+02,business_interruption,3221225472,79
11,1.21549E+03,contents,3221225472,79
11,1.74574E+03,nonstructural,3221225472,79
11,2.39639E-03,occupants,3221225472,79
11,2.96123E+03,structural+nonstructural+contents,3221225472,79
12,1.23792E+02,business_interruption,3221225472,59
12,9.10379E+02,contents,3221225472,59
12,1.41175E+03,nonstructural,3221225472,59
12,2.43217E-03,occupants,3221225472,59
12,2.32213E+03,structural+nonstructural+contents,3221225472,59
13,1.65016E+02,business_interruption,3221225472,61
13,1.05196E+03,contents,3221225472,61
13,1.59832E+03,nonstructural,3221225472,61
13,3.30993E-03,occupants,3221225472,61
13,2.65028E+03,structural+nonstructural+contents,3221225472,61
14,1.80806E+02,business_interruption,3221225472,58
14,1.06428E+03,contents,3221225472,58
14,1.56018E+03,nonstructural,3221225472,58
14,3.68247E-03,occupants,3221225472,58
14,2.63341E+02,structural,3221225472,58
14,2.88781E+03,structural+nonstructural+contents,3221225472,58
15,1.80261E+02,business_interruption,3221225473,63
15,2.89350E+03,contents,3221225473,63
15,3.69744E+03,nonstructural,3221225473,63
15,3.74448E-03,occupants,3221225473,63
15,6.59094E+03,structural+nonstructural+contents,3221225473,63
16,1.80461E+02,business_interruption,3221225473,42
16,1.22552E+03,contents,3221225473,42
16,1.94726E+03,nonstructural,3221225473,42
16,3.69830E-03,occupants,3221225473,42
16,1.03267E+02,structural,3221225473,42
16,3.27604E+03,structural+nonstructural+contents,3221225473,42
17,1.25215E+02,business_interruption,3221225473,11
17,6.89332E+02,contents,3221225473,11
17,1.01241E+03,nonstructural,3221225473,11
17,2.38050E-03,occupants,3221225473,11
17,1.70174E+03,structural+nonstructural+contents,3221225473,11
18,2.17466E+02,business_interruption,3221225473,68
18,1.36152E+03,contents,3221225473,68
18,2.07817E+03,nonstructural,3221225473,68
18,4.02196E-03,occupants,3221225473,68
18,1.68579E+02,structural,3221225473,68
18,3.60827E+03,structural+nonstructural+contents,3221225473,68
19,2.21688E+02,business_interruption,3221225473,37
19,1.12719E+03,contents,3221225473,37
19,1.57891E+03,nonstructural,3221225473,37
19,4.40243E-03,occupants,3221225473,37
19,3.08971E+02,structural,3221225473,37
19,3.01507E+03,structural+nonstructural+contents,3221225473,37
20,1.62590E+02,business_interruption,3221225473,41
20,1.12023E+03,contents,3221225473,41
20,1.72937E+03,nonstructural,3221225473,41
20,3.30955E-03,occupants,3221225473,41
20,1.19111E+02,structural,3221225473,41
20,2.96871E+03,structural+nonstructural+contents,3221225473,41
21,2.24961E+02,business_interruption,3221225473,30
21,1.19304E+03,contents,3221225473,30
21,1.77736E+03,nonstructural,3221225473,30
21,4.59170E-03,occupants,3221225473,30
21,2.58493E+02,structural,3221225473,30
21,3.22889E+03,structural+nonstructural+contents,3221225473,30
22,2.97687E+02,business_interruption,3221225473,15
22,1.41165E+03,contents,3221225473,15
22,2.24141E+03,nonstructural,3221225473,15
22,5.38537E-03,occupants,3221225473,15
22,7.20774E+02,structural,3221225473,15
22,4.37384E+03,structural+nonstructural+contents,3221225473,15
23,1.56260E+02,business_interruption,3221225473,75
23,8.69337E+02,contents,3221225473,75
23,1.27943E+03,nonstructural,3221225473,75
23,3.22136E-03,occupants,3221225473,75
23,2.14877E+03,structural+nonstructural+contents,3221225473,75
24,1.68642E+02,business_interruption,3221225473,63
24,7.18393E+02,contents,3221225473,63
24,1.29731E+03,nonstructural,3221225473,63
24,3.30389E-03,occupants,3221225473,63
24,2.18483E+02,structural,3221225473,63
24,2.23418E+03,structural+nonstructural+contents,3221225473,63
25,1.71168E+02,business_interruption,3221225473,52
25,8.61126E+02,contents,3221225473,52
25,1.71815E+03,nonstructural,3221225473,52
25,3.51026E-03,occupants,3221225473,52
25,2.57928E+03,structural+nonstructural+contents,3221225473,52
26,1.21653E+02,business_interruption,3221225473,33
26,5.88666E+02,contents,3221225473,33
26,1.05173E+03,nonstructural,3221225473,33
26,2.39787E-03,occupants,3221225473,33
26,1.64040E+03,structural+nonstructural+contents,3221225473,33
27,2.25453E+02,business_interruption,3221225473,66
27,1.38798E+03,contents,3221225473,66
27,2.16769E+03,nonstructural,3221225473,66
27,4.48102E-03,occupants,3221225473,66
27,3.41038E+02,structural,3221225473,66
27,3.89671E+03,structural+nonstructural+contents,3221225473,66
28,1.21446E+02,business_interruption,3221225473,44
28,1.23223E+03,contents,3221225473,44
28,2.00518E+03,nonstructural,3221225473,44
28,2.31983E-03,occupants,3221225473,44
28,3.23741E+03,structural+nonstructural+contents,3221225473,44
29,2.32143E+02,business_interruption,3221225473,36
29,1.12824E+03,contents,3221225473,36
29,2.19216E+03,nonstructural,3221225473,36
29,4.41074E-03,occupants,3221225473,36
29,2.70700E+02,structural,3221225473,36
29,3.59110E+03,structural+nonstructural+contents,3221225473,36
30,1.46151E+02,business_interruption,3221225473,37
30,1.21273E+03,contents,3221225473,37
30,1.68551E+03,nonstructural,3221225473,37
30,2.92991E-03,occupants,3221225473,37
30,1.19296E+02,structural,3221225473,37
30,3.01754E+03,structural+nonstructural+contents,3221225473,37
31,2.09149E+02,business_interruption,3221225473,19
31,9.00612E+02,contents,3221225473,19
31,1.58445E+03,nonstructural,3221225473,19
31,4.15766E-03,occupants,3221225473,19
31,2.52117E+02,structural,3221225473,19
31,2.73717E+03,structural+nonstructural+contents,3221225473,19
32,3.12821E+02,business_interruption,3221225474,8
32,1.78236E+03,contents,3221225474,8
32,2.67427E+03,nonstructural,3221225474,8
32,6.85130E-03,occupants,3221225474,8
32,8.81299E+02,structural,3221225474,8
32,5.33793E+03,structural+nonstructural+contents,3221225474,8
33,2.66255E+02,business_interruption,3221225474,45
33,1.54691E+03,contents,3221225474,45
33,2.13983E+03,nonstructural,3221225474,45
33,4.88500E-03,occupants,3221225474,45
33,5.38335E+02,structural,3221225474,45
33,4.22508E+03,structural+nonstructural+contents,3221225474,45
34,2.48596E+02,business_interruption,3221225474,72
34,1.36115E+03,contents,3221225474,72
34,1.94912E+03,nonstructural,3221225474,72
34,4.80667E-03,occupants,3221225474,72
34,5.51919E+02,structural,3221225474,72
34,3.86219E+03,structural+nonstructural+contents,3221225474,72
35,2.56763E+02,business_interruption,3221225474,6
35,1.42643E+03,contents,3221225474,6
35,2.32517E+03,nonstructural,3221225474,6
35,4.92571E-03,occupants,3221225474,6
35,4.81310E+02,structural,3221225474,6
35,4.23291E+03,structural+nonstructural+contents,3221225474,6
36,2.26623E+02,business_interruption,3221225474,69
36,1.20045E+03,contents,3221225474,69
36,1.84975E+03,nonstructural,3221225474,69
36,4.39928E-03,occupants,3221225474,69
36,2.29874E+02,structural,3221225474,69
36,3.28007E+03,structural+nonstructural+contents,3221225474,69
37,3.11265E+02,business_interruption,3221225474,67
37,1.87858E+03,contents,3221225474,67
37,2.87218E+03,nonstructural,3221225474,67
37,6.17230E-03,occupants,3221225474,67
37,7.20759E+02,structural,3221225474,67
37,5.47151E+03,structural+nonstructural+contents,3221225474,67
38,1.67501E+02,business_interruption,3221225475,23
38,9.65130E+02,contents,3221225475,23
38,1.44072E+03,nonstructural,3221225475,23
38,3.20140E-03,occupants,3221225475,23
38,2.40585E+03,structural+nonstructural+contents,3221225475,23
39,9.85718E+01,business_interruption,3221225475,51
39,7.56494E+02,contents,3221225475,51
39,1.20211E+03,nonstructural,3221225475,51
39,1.93819E-03,occupants,3221225475,51
39,1.95860E+03,structural+nonstructural+contents,3221225475,51
40,2.01492E+02,business_interruption,3221225475,14
40,1.59474E+03,contents,3221225475,14
40,2.28750E+03,nonstructural,3221225475,14
40,3.88529E-03,occupants,3221225475,14
40,3.92216E+02,structural,3221225475,14
40,4.27445E+03,structural+nonstructural+contents,3221225475,14
41,1.58251E+02,business_interruption,3221225475,61
41,9.10781E+02,contents,3221225475,61
41,1.34510E+03,nonstructural,3221225475,61
41,3.19957E-03,occupants,3221225475,61
41,2.25588E+03,structural+nonstructural+contents,3221225475,61
42,2.26211E+02,business_interruption,3221225475,57
42,2.19901E+03,contents,3221225475,57
42,2.97261E+03,nonstructural,3221225475,57
42,4.28706E-03,occupants,3221225475,57
42,3.65128E+02,structural,3221225475,57
42,5.53674E+03,structural+nonstructural+contents,3221225475,57
43,1.88114E+02,business_interruption,3221225475,29
43,1.54547E+03,contents,3221225475,29
43,1.85483E+03,nonstructural,3221225475,29
43,3.54024E-03,occupants,3221225475,29
43,2.39111E+02,structural,3221225475,29
43,3.63941E+03,structural+nonstructural+contents,3221225475,29
44,2.11851E+02,business_interruption,3221225475,6
44,1.63134E+03,contents,3221225475,6
44,2.45187E+03,nonstructural,3221225475,6
44,4.16431E-03,occupants,3221225475,6
44,3.50787E+02,structural,3221225475,6
44,4.43400E+03,structural+nonstructural+contents,3221225475,6
45,2.31468E+02,business_interruption,3221225475,78
45,1.41571E+03,contents,3221225475,78
45,2.14537E+03,nonstructural,3221225475,78
45,4.82526E-03,occupants,3221225475,78
45,5.67056E+02,structural,3221225475,78
45,4.12814E+03,structural+nonstructural+contents,3221225475,78
46,1.13492E+02,business_interruption,3221225475,36
46,6.78938E+02,contents,3221225475,36
46,9.93950E+02,nonstructural,3221225475,36
46,2.24730E-03,occupants,3221225475,36
46,1.67289E+03,structural+nonstructural+contents,3221225475,36
