#,,,,,,,"generated_by='OpenQuake engine 3.17.0-git1868deb89d', start_date='2023-04-24T09:44:55', checksum=575548841, kind='mean', investigation_time=50.0, imt='PGA'"
lon,lat,depth,poe-0.0050000,poe-0.0070000,poe-0.0098000,poe-0.0137000,poe-0.0192000
0.00000,0.00000,0.00000,9.396201E-01,9.119904E-01,8.694567E-01,8.133015E-01,7.437642E-01
