#,,,"generated_by='OpenQuake engine 3.17.0-gitcbffb497c7', start_date='2023-03-02T09:11:28', checksum=4175345983, kind='mean', investigation_time=1.0, imt='PGA'"
lon,lat,depth,poe-0.0010000
0.00000,0.00000,0.00000,4.424844E-01
