#,,,,,,,,,,,,"generated_by='OpenQuake engine 3.18.0-git896a5ace23', start_date='2023-08-28T07:01:57', checksum=3599347275, kind='mean', investigation_time=1.0, imt='SA(1.0)'"
lon,lat,depth,poe-0.0050000,poe-0.0097294,poe-0.0189324,poe-0.0368403,poe-0.0716871,poe-0.1394951,poe-0.2714418,poe-0.5281952,poe-1.0278085,poe-2.0000000
-180.00000,-27.00000,0.00000,6.049183E-05,2.178447E-05,6.204734E-06,1.323741E-06,1.945751E-07,1.729934E-08,7.167471E-10,2.553346E-12,0.000000E+00,0.000000E+00
-178.00000,-28.00000,0.00000,3.191686E-01,2.069364E-01,1.105108E-01,4.794265E-02,1.676579E-02,4.560295E-03,8.816717E-04,1.056170E-04,4.929436E-06,0.000000E+00
179.00000,-26.00000,0.00000,9.198137E-05,3.268767E-05,9.332697E-06,2.038787E-06,3.201051E-07,3.491568E-08,2.571438E-09,8.367571E-11,0.000000E+00,0.000000E+00
-180.00000,-30.00000,0.00000,2.056805E-01,1.181720E-01,5.687484E-02,2.186669E-02,6.322772E-03,1.337827E-03,2.015121E-04,1.817519E-05,2.738743E-07,0.000000E+00
-180.00000,-28.00000,0.00000,6.938073E-02,3.519671E-02,1.490194E-02,5.285783E-03,1.531779E-03,3.393812E-04,5.068630E-05,3.513352E-06,0.000000E+00,0.000000E+00
