#,,,,,,,,,,,,,,,,,,,,,"generated_by='OpenQuake engine 3.13.0-git3bdbc8088f', start_date='2021-10-08T08:59:10', checksum=710037141, kind='rlz-000', investigation_time=50.0, imt='SA(1.0)'"
lon,lat,depth,poe-0.0050000,poe-0.0070000,poe-0.0098000,poe-0.0137000,poe-0.0192000,poe-0.0269000,poe-0.0376000,poe-0.0527000,poe-0.0738000,poe-0.1030000,poe-0.1450000,poe-0.2030000,poe-0.2840000,poe-0.3970000,poe-0.5560000,poe-0.7780000,poe-1.0900000,poe-1.5200000,poe-2.1300000
0.00000,0.00000,0.00000,6.438556E-01,6.054838E-01,5.512611E-01,4.849745E-01,4.130913E-01,3.440589E-01,2.827074E-01,2.280135E-01,1.781781E-01,1.322668E-01,9.028076E-02,5.679029E-02,3.257372E-02,1.692074E-02,7.788815E-03,3.139968E-03,1.065384E-03,2.939133E-04,5.461492E-05
