#,"generated_by='OpenQuake engine 3.17.0-git6065d55082', start_date='2023-07-10T08:39:20', checksum=3085410666"
efl
2.60313E-01
