#,,,,,,,,,,,,,,,,,,,,,,,,,,,,,,,,"generated_by='OpenQuake engine 3.11.0-gitc8e51c2e56', start_date='2020-11-24T14:59:03', checksum=3907422258, kind='mean', investigation_time=1.0, imt='SA(1.0)'"
lon,lat,depth,poe-0.0100000,poe-0.0121736,poe-0.0148196,poe-0.0180407,poe-0.0219620,poe-0.0267356,poe-0.0325468,poe-0.0396210,poe-0.0482329,poe-0.0587167,poe-0.0714792,poe-0.0870157,poe-0.1059292,poe-0.1289537,poe-0.1569826,poe-0.1911039,poe-0.2326417,poe-0.2832080,poe-0.3447653,poe-0.4197025,poe-0.5109277,poe-0.6219815,poe-0.7571736,poe-0.9217506,poe-1.1220995,poe-1.3659958,poe-1.6629046,poe-2.0243486,poe-2.4643551,poe-3.0000000
-77.61460,8.44480,0.00000,2.384630E-03,1.849483E-03,1.411591E-03,1.059171E-03,7.804726E-04,5.641995E-04,3.997509E-04,2.773222E-04,1.881407E-04,1.246116E-04,8.040708E-05,5.045902E-05,3.075630E-05,1.818372E-05,1.040472E-05,5.739821E-06,3.036735E-06,1.531243E-06,7.289709E-07,3.228982E-07,1.307149E-07,4.733407E-08,1.480295E-08,3.725616E-09,6.677057E-10,7.203860E-11,3.934168E-12,9.564926E-14,9.604539E-16,0.000000E+00
