#,,,,,,,,,,,,"generated_by='OpenQuake engine 3.12.0-git8e69b7fadd', start_date='2021-04-22T18:21:08', checksum=2684299134, kind='mean', investigation_time=1.0, imt='SA(1.057)'"
lon,lat,depth,poe-0.0500000,poe-0.0753315,poe-0.1134967,poe-0.1709976,poe-0.2576301,poe-0.3881533,poe-0.5848035,poe-0.8810827,poe-1.3274658,poe-2.0000000
-77.61460,8.44480,0.00000,8.013725E-04,4.090892E-04,1.906213E-04,8.436885E-05,3.346470E-05,1.258910E-05,4.503718E-06,1.092273E-06,8.691597E-08,2.420691E-09
-77.61470,8.44480,0.00000,1.408369E-04,5.687944E-05,2.070154E-05,6.508038E-06,1.774762E-06,3.700695E-07,3.029804E-08,4.783112E-10,4.689767E-15,8.146609E-24
-77.61480,8.44480,0.00000,5.080578E-04,2.371264E-04,1.086944E-04,4.370473E-05,1.587524E-05,5.022971E-06,1.204362E-06,2.079239E-07,1.571610E-08,4.448447E-10
