#,,,,,,,"generated_by='OpenQuake engine 3.16.0-git98b88912ba', start_date='2022-11-05T14:56:33', checksum=3999974968, kind='mean', investigation_time=1.0"
lon,lat,0.001000~PGA,0.001000~SA(0.1),0.001000~SA(0.2),0.001000~SA(0.5),0.001000~SA(1.0),0.001000~SA(2.0)
0.00000,0.10000,9.372928E-03,1.779371E-02,2.247217E-02,1.408737E-02,6.434679E-03,0.000000E+00
