============= ==== ====== ======== =======
return_period kind policy taxonomy value  
============= ==== ====== ======== =======
30            mean A      RC       0.33270
60            mean A      RC       0.40950
240           mean A      RC       0.45018
960           mean A      RC       0.37585
============= ==== ====== ======== =======