============= ==== =====
return_period kind value
============= ==== =====
============= ==== =====