#,,,,,"generated_by='OpenQuake engine 3.22.0-gitda13fd23a5', start_date='2025-01-16T06:28:17', checksum=1040388326"
policy,taxonomy,number,nonstructural,structural,area
A,RC,5.00000E+02,1.00000E+03,2.00000E+03,1.00000E+01
A,RM,3.00000E+00,1.50000E+03,3.00000E+03,1.00000E+01
A,W,0.00000E+00,0.00000E+00,0.00000E+00,0.00000E+00
B,RC,0.00000E+00,0.00000E+00,0.00000E+00,0.00000E+00
B,RM,1.00000E+01,2.50000E+03,5.00000E+03,1.00000E+00
B,W,1.00000E+03,5.00000E+02,1.00000E+03,1.00000E+01
