===== ============= =======
kind  return_period value  
===== ============= =======
rlz-0 120           0.05140
rlz-0 240           0.11016
rlz-0 480           0.38737
rlz-0 960           0.41339
rlz-1 240           0.09615
rlz-1 480           0.16710
rlz-1 960           0.35594
===== ============= =======