          claim
event_id       
0          1.75
1          1.75
2          1.75
3          1.75
4          1.75
5          1.75
6          1.75
7          1.75
8          1.75
9          1.75
10         1.75
11         1.75
12         1.75
13         1.75
14         1.75
15         0.90
16         0.90
17         0.90
18         0.90
19         0.90
20         0.90
21         0.90
22         0.90
23         0.90
24         0.90
25         0.90
26         0.90
27         0.90
28         0.90
29         0.90
30         1.75
31         1.75
32         1.75
33         1.75
34         1.75
35         1.75
36         1.75
37         1.75
38         1.75
39         1.75
40         1.75
41         1.75