#,,,,,,,"generated_by='OpenQuake engine 3.18.0-gitabf2de85b8', start_date='2023-10-03T06:09:10', checksum=4110363705, kind='rlz-000', investigation_time=1.0, imt='PGA'"
lon,lat,depth,poe-0.0100000,poe-0.1000000,poe-0.2000000,poe-0.3000000,poe-1.0000000
1.00000,-0.10000,0.00000,9.995103E-04,9.980202E-04,8.422136E-04,4.614592E-04,1.132488E-06
